2026-08-06T14:54:03.626Z	Initializing build environment...
2026-08-06T14:54:03.626Z	Initializing build environment...
2026-08-06T14:54:06.482Z	Success: Finished initializing build environment
2026-08-06T14:54:07.447Z	Cloning repository...
2026-08-06T14:55:01.785Z	Detected the following tools from environment: npm@10.9.2, nodejs@24.18.0
2026-08-06T14:55:01.787Z	Restoring from dependencies cache
2026-08-06T14:55:01.789Z	Restoring from build output cache
2026-08-06T14:55:01.874Z	Installing project dependencies: npm clean-install --progress=false
2026-08-06T14:55:19.765Z	
2026-08-06T14:55:19.767Z	added 561 packages, and audited 562 packages in 17s
2026-08-06T14:55:19.768Z	
2026-08-06T14:55:19.770Z	297 packages are looking for funding
2026-08-06T14:55:19.770Z	  run `npm fund` for details
2026-08-06T14:55:19.770Z	
2026-08-06T14:55:19.771Z	found 0 vulnerabilities
2026-08-06T14:55:19.771Z	npm warn allow-scripts 1 package has install scripts not yet covered by allowScripts:
2026-08-06T14:55:19.771Z	npm warn allow-scripts   unrs-resolver@1.12.2 (postinstall: node postinstall.js)
2026-08-06T14:55:19.771Z	npm warn allow-scripts
2026-08-06T14:55:19.771Z	npm warn allow-scripts Run `npm approve-scripts --allow-scripts-pending` to review, or `npm approve-scripts <pkg>` to allow.
2026-08-06T14:55:20.081Z	Executing user build command: npm run cf:build
2026-08-06T14:55:20.641Z	npm error Missing script: "cf:build"
2026-08-06T14:55:20.641Z	npm error
2026-08-06T14:55:20.642Z	npm error Did you mean one of these?
2026-08-06T14:55:20.643Z	npm error   npm rebuild # Rebuild a package
2026-08-06T14:55:20.643Z	npm error   npm run build # run the "build" package script
2026-08-06T14:55:20.643Z	npm error
2026-08-06T14:55:20.643Z	npm error To see a list of scripts, run:
2026-08-06T14:55:20.644Z	npm error   npm run
2026-08-06T14:55:20.650Z	npm error A complete log of this run can be found in: /opt/buildhome/.npm/_logs/2026-08-06T14_55_20_468Z-debug-0.log
2026-08-06T14:55:20.662Z	Failed: error occurred while running build command